// Jest Snapshot v1, https://jestjs.io/docs/snapshot-testing

exports[`Project Component matches snapshot 1`] = `
{
  "props": {
    "children": {
      "props": {
        "children": [
          {
            "props": {
              "children": {
                "props": {
                  "children": "Test Project",
                  "href": "https://example.com",
                  "rel": "noopener noreferrer",
                  "target": "_blank",
                },
                "type": "a",
              },
            },
            "type": "h3",
          },
          {
            "props": {
              "children": "test-image.jpg",
              "class": "image",
            },
            "type": "div",
          },
          {
            "props": {
              "children": "This is a test project for snapshot testing",
            },
            "type": "p",
          },
          {
            "props": {
              "children": [
                {
                  "props": {
                    "children": "React",
                  },
                  "type": "li",
                },
                {
                  "props": {
                    "children": "TypeScript",
                  },
                  "type": "li",
                },
                {
                  "props": {
                    "children": "Jest",
                  },
                  "type": "li",
                },
              ],
              "class": "stack",
            },
            "type": "ul",
          },
        ],
        "class": "details",
      },
      "type": "div",
    },
    "class": "project",
  },
  "type": "div",
}
`;
